09:24:45 **** Incremental Build of configuration Debug for project LED_blink ****
make -j8 all 
arm-none-eabi-gcc "../Core/Src/main.c" -mcpu=cortex-m4 -std=gnu11 -g3 -DDEBUG -DUSE_HAL_DRIVER -DSTM32F303xE -c -I../Core/Inc -I../Drivers/STM32F3xx_HAL_Driver/Inc -I../Drivers/STM32F3xx_HAL_Driver/Inc/Legacy -I../Drivers/CMSIS/Device/ST/STM32F3xx/Include -I../Drivers/CMSIS/Include -O0 -ffunction-sections -fdata-sections -Wall -fstack-usage -MMD -MP -MF"Core/Src/main.d" -MT"Core/Src/main.o" --specs=nano.specs -mfpu=fpv4-sp-d16 -mfloat-abi=hard -mthumb -o "Core/Src/main.o"
arm-none-eabi-gcc -o "LED_blink.elf" @"objects.list"   -mcpu=cortex-m4 -T"C:\Users\pc\STM32CubeIDE\workspace_1.10.1\LED_blink\STM32F303RETX_FLASH.ld" --specs=nosys.specs -Wl,-Map="LED_blink.map" -Wl,--gc-sections -static --specs=nano.specs -mfpu=fpv4-sp-d16 -mfloat-abi=hard -mthumb -Wl,--start-group -lc -lm -Wl,--end-group
Finished building target: LED_blink.elf
 
arm-none-eabi-size   LED_blink.elf 
arm-none-eabi-objdump -h -S  LED_blink.elf  > "LED_blink.list"
   text	   data	    bss	    dec	    hex	filename
  14740	     20	   1796	  16556	   40ac	LED_blink.elf
Finished building: default.size.stdout
 
Finished building: LED_blink.list
 

09:24:46 Build Finished. 0 errors, 0 warnings. (took 742ms)

